// Jest Snapshot v1, https://goo.gl/fbAQLP

exports[`should render individual expense 1`] = `
<div>
  <Link
    to="/edit/1"
  >
    <h3>
      Gum
    </h3>
  </Link>
  <p>
    $1.95
    -
    Dec 31st, 1969
  </p>
</div>
`;
